2025-05-12 19:20:24,235     INFO           main: Installation information:
2025-05-12 19:20:24,235     INFO           main:   Merlin directory: /home/meelis/merlin
2025-05-12 19:20:24,235     INFO           main:   PATH:
2025-05-12 19:20:24,235     INFO           main:       /home/meelis/anaconda3/envs/mrln_et/lib
2025-05-12 19:20:24,235     INFO           main:       /home/meelis/anaconda3/envs/mrln_et/bin
2025-05-12 19:20:24,235     INFO           main:       /home/meelis/anaconda3/condabin
2025-05-12 19:20:24,235     INFO           main:       /usr/local/sbin
2025-05-12 19:20:24,235     INFO           main:       /usr/local/bin
2025-05-12 19:20:24,235     INFO           main:       /usr/sbin
2025-05-12 19:20:24,235     INFO           main:       /usr/bin
2025-05-12 19:20:24,236     INFO           main:       /sbin
2025-05-12 19:20:24,236     INFO           main:       /bin
2025-05-12 19:20:24,236     INFO           main:       /usr/games
2025-05-12 19:20:24,236     INFO           main:       /usr/local/games
2025-05-12 19:20:24,236     INFO           main:       /snap/bin
2025-05-12 19:20:24,236     INFO           main:   LD_LIBRARY_PATH:
2025-05-12 19:20:24,236     INFO           main:   Python version: 3.6.8 |Anaconda, Inc.| (default, Dec 30 2018, 01:22:34) [GCC 7.3.0]
2025-05-12 19:20:24,236     INFO           main:     PYTHONPATH:
2025-05-12 19:20:24,236     INFO           main:   Numpy version: 1.19.5
2025-05-12 19:20:24,236     INFO           main:   Theano version: 1.0.5
2025-05-12 19:20:24,236     INFO           main:     THEANO_FLAGS: device=cuda,floatX=float32,on_unused_input=ignore
2025-05-12 19:20:24,236     INFO           main:     device: cuda
2025-05-12 19:20:24,240     INFO           main: Execution information:
2025-05-12 19:20:24,242     INFO           main:   HOSTNAME: fu.eki.ee
2025-05-12 19:20:24,242     INFO           main:   USER: meelis
2025-05-12 19:20:24,243     INFO           main:   PID: 27846
2025-05-12 19:20:24,269     INFO           main: Input label dimension is 369
2025-05-12 19:20:24,271     INFO           main: preparing label data (input) using standard HTS style labels
2025-05-12 19:20:24,273     INFO         labels: loaded /home/meelis/merlin/egs/build_your_own_voice/s1/experiments/eva_laused/test_synthesis/gen-lab/temp00.lab, 320 labels
2025-05-12 19:20:24,479     INFO  acoustic_norm: Loaded min max values from the trained data for feature dimension of 369
2025-05-12 19:20:24,500     INFO           main: label dimension is 369
2025-05-12 19:20:24,500     INFO           main: generating from DNN
2025-05-12 19:20:24,623     INFO dnn_generation: generating    1 of    1: /home/meelis/merlin/egs/build_your_own_voice/s1/experiments/eva_laused/test_synthesis/wav/temp00.lab
2025-05-12 19:20:25,875     INFOparam_generation: processing    1 of    1: /home/meelis/merlin/egs/build_your_own_voice/s1/experiments/eva_laused/test_synthesis/wav/temp00.cmp
2025-05-12 19:20:25,896     INFO           main: reconstructing waveform(s)
2025-05-12 19:20:25,896     INFO wav_generation: creating waveform for    1 of    1: temp00
