2025-05-13 12:02:59,396     INFO           main: Installation information:
2025-05-13 12:02:59,396     INFO           main:   Merlin directory: /home/meelis/merlin
2025-05-13 12:02:59,396     INFO           main:   PATH:
2025-05-13 12:02:59,396     INFO           main:       /home/meelis/anaconda3/envs/mrln_et/lib
2025-05-13 12:02:59,396     INFO           main:       /home/meelis/anaconda3/envs/mrln_et/bin
2025-05-13 12:02:59,397     INFO           main:       /home/meelis/anaconda3/condabin
2025-05-13 12:02:59,397     INFO           main:       /usr/local/sbin
2025-05-13 12:02:59,397     INFO           main:       /usr/local/bin
2025-05-13 12:02:59,397     INFO           main:       /usr/sbin
2025-05-13 12:02:59,397     INFO           main:       /usr/bin
2025-05-13 12:02:59,397     INFO           main:       /sbin
2025-05-13 12:02:59,397     INFO           main:       /bin
2025-05-13 12:02:59,397     INFO           main:       /usr/games
2025-05-13 12:02:59,397     INFO           main:       /usr/local/games
2025-05-13 12:02:59,397     INFO           main:       /snap/bin
2025-05-13 12:02:59,397     INFO           main:   LD_LIBRARY_PATH:
2025-05-13 12:02:59,397     INFO           main:   Python version: 3.6.8 |Anaconda, Inc.| (default, Dec 30 2018, 01:22:34) [GCC 7.3.0]
2025-05-13 12:02:59,397     INFO           main:     PYTHONPATH:
2025-05-13 12:02:59,397     INFO           main:   Numpy version: 1.19.5
2025-05-13 12:02:59,397     INFO           main:   Theano version: 1.0.5
2025-05-13 12:02:59,397     INFO           main:     THEANO_FLAGS: device=cuda,floatX=float32,on_unused_input=ignore
2025-05-13 12:02:59,397     INFO           main:     device: cuda
2025-05-13 12:02:59,401     INFO           main: Execution information:
2025-05-13 12:02:59,404     INFO           main:   HOSTNAME: fu.eki.ee
2025-05-13 12:02:59,404     INFO           main:   USER: meelis
2025-05-13 12:02:59,404     INFO           main:   PID: 2999
2025-05-13 12:02:59,425     INFO           main: Input label dimension is 360
2025-05-13 12:02:59,427     INFO           main: preparing label data (input) using standard HTS style labels
2025-05-13 12:02:59,429     INFO         labels: loaded /home/meelis/merlin/egs/build_your_own_voice/s1/experiments/eva_laused/test_synthesis/prompt-lab/temp00.lab,   6 labels
2025-05-13 12:02:59,430     INFO         labels: loaded /home/meelis/merlin/egs/build_your_own_voice/s1/experiments/eva_laused/test_synthesis/prompt-lab/temp03.lab,   7 labels
2025-05-13 12:02:59,430     INFO         labels: loaded /home/meelis/merlin/egs/build_your_own_voice/s1/experiments/eva_laused/test_synthesis/prompt-lab/temp02.lab,   7 labels
2025-05-13 12:02:59,431     INFO         labels: loaded /home/meelis/merlin/egs/build_your_own_voice/s1/experiments/eva_laused/test_synthesis/prompt-lab/temp01.lab,   7 labels
2025-05-13 12:02:59,432     INFO         labels: loaded /home/meelis/merlin/egs/build_your_own_voice/s1/experiments/eva_laused/test_synthesis/prompt-lab/temp05.lab,   6 labels
2025-05-13 12:02:59,434     INFO         labels: loaded /home/meelis/merlin/egs/build_your_own_voice/s1/experiments/eva_laused/test_synthesis/prompt-lab/temp04.lab,   6 labels
2025-05-13 12:02:59,435     INFO         labels: loaded /home/meelis/merlin/egs/build_your_own_voice/s1/experiments/eva_laused/test_synthesis/prompt-lab/temp06.lab,   7 labels
2025-05-13 12:02:59,443     INFO         labels: loaded /home/meelis/merlin/egs/build_your_own_voice/s1/experiments/eva_laused/test_synthesis/prompt-lab/temp07.lab,   6 labels
2025-05-13 12:02:59,443     INFO         labels: loaded /home/meelis/merlin/egs/build_your_own_voice/s1/experiments/eva_laused/test_synthesis/prompt-lab/temp08.lab,   6 labels
2025-05-13 12:02:59,466     INFO         labels: loaded /home/meelis/merlin/egs/build_your_own_voice/s1/experiments/eva_laused/test_synthesis/prompt-lab/temp10.lab,   6 labels
2025-05-13 12:02:59,473     INFO         labels: loaded /home/meelis/merlin/egs/build_your_own_voice/s1/experiments/eva_laused/test_synthesis/prompt-lab/temp09.lab,   6 labels
2025-05-13 12:02:59,635     INFO  acoustic_norm: Loaded min max values from the trained data for feature dimension of 360
2025-05-13 12:02:59,654     INFO           main: label dimension is 360
2025-05-13 12:02:59,654     INFO           main: generating from DNN
2025-05-13 12:02:59,690     INFO dnn_generation: generating    1 of   11: /home/meelis/merlin/egs/build_your_own_voice/s1/experiments/eva_laused/test_synthesis/gen-lab/temp00.lab
2025-05-13 12:03:00,728     INFO dnn_generation: generating    2 of   11: /home/meelis/merlin/egs/build_your_own_voice/s1/experiments/eva_laused/test_synthesis/gen-lab/temp01.lab
2025-05-13 12:03:00,774     INFO dnn_generation: generating    3 of   11: /home/meelis/merlin/egs/build_your_own_voice/s1/experiments/eva_laused/test_synthesis/gen-lab/temp02.lab
2025-05-13 12:03:00,854     INFO dnn_generation: generating    4 of   11: /home/meelis/merlin/egs/build_your_own_voice/s1/experiments/eva_laused/test_synthesis/gen-lab/temp03.lab
2025-05-13 12:03:00,896     INFO dnn_generation: generating    5 of   11: /home/meelis/merlin/egs/build_your_own_voice/s1/experiments/eva_laused/test_synthesis/gen-lab/temp04.lab
2025-05-13 12:03:00,939     INFO dnn_generation: generating    6 of   11: /home/meelis/merlin/egs/build_your_own_voice/s1/experiments/eva_laused/test_synthesis/gen-lab/temp05.lab
2025-05-13 12:03:00,981     INFO dnn_generation: generating    7 of   11: /home/meelis/merlin/egs/build_your_own_voice/s1/experiments/eva_laused/test_synthesis/gen-lab/temp06.lab
2025-05-13 12:03:01,023     INFO dnn_generation: generating    8 of   11: /home/meelis/merlin/egs/build_your_own_voice/s1/experiments/eva_laused/test_synthesis/gen-lab/temp07.lab
2025-05-13 12:03:01,066     INFO dnn_generation: generating    9 of   11: /home/meelis/merlin/egs/build_your_own_voice/s1/experiments/eva_laused/test_synthesis/gen-lab/temp08.lab
2025-05-13 12:03:01,108     INFO dnn_generation: generating   10 of   11: /home/meelis/merlin/egs/build_your_own_voice/s1/experiments/eva_laused/test_synthesis/gen-lab/temp09.lab
2025-05-13 12:03:01,151     INFO dnn_generation: generating   11 of   11: /home/meelis/merlin/egs/build_your_own_voice/s1/experiments/eva_laused/test_synthesis/gen-lab/temp10.lab
2025-05-13 12:03:01,196     INFOparam_generation: processing    1 of   11: /home/meelis/merlin/egs/build_your_own_voice/s1/experiments/eva_laused/test_synthesis/gen-lab/temp00.cmp
2025-05-13 12:03:01,196     INFOparam_generation: processing    2 of   11: /home/meelis/merlin/egs/build_your_own_voice/s1/experiments/eva_laused/test_synthesis/gen-lab/temp01.cmp
2025-05-13 12:03:01,196     INFOparam_generation: processing    3 of   11: /home/meelis/merlin/egs/build_your_own_voice/s1/experiments/eva_laused/test_synthesis/gen-lab/temp02.cmp
2025-05-13 12:03:01,196     INFOparam_generation: processing    4 of   11: /home/meelis/merlin/egs/build_your_own_voice/s1/experiments/eva_laused/test_synthesis/gen-lab/temp03.cmp
2025-05-13 12:03:01,196     INFOparam_generation: processing    5 of   11: /home/meelis/merlin/egs/build_your_own_voice/s1/experiments/eva_laused/test_synthesis/gen-lab/temp04.cmp
2025-05-13 12:03:01,197     INFOparam_generation: processing    6 of   11: /home/meelis/merlin/egs/build_your_own_voice/s1/experiments/eva_laused/test_synthesis/gen-lab/temp05.cmp
2025-05-13 12:03:01,197     INFOparam_generation: processing    7 of   11: /home/meelis/merlin/egs/build_your_own_voice/s1/experiments/eva_laused/test_synthesis/gen-lab/temp06.cmp
2025-05-13 12:03:01,197     INFOparam_generation: processing    8 of   11: /home/meelis/merlin/egs/build_your_own_voice/s1/experiments/eva_laused/test_synthesis/gen-lab/temp07.cmp
2025-05-13 12:03:01,197     INFOparam_generation: processing    9 of   11: /home/meelis/merlin/egs/build_your_own_voice/s1/experiments/eva_laused/test_synthesis/gen-lab/temp08.cmp
2025-05-13 12:03:01,197     INFOparam_generation: processing   10 of   11: /home/meelis/merlin/egs/build_your_own_voice/s1/experiments/eva_laused/test_synthesis/gen-lab/temp09.cmp
2025-05-13 12:03:01,197     INFOparam_generation: processing   11 of   11: /home/meelis/merlin/egs/build_your_own_voice/s1/experiments/eva_laused/test_synthesis/gen-lab/temp10.cmp
2025-05-13 12:03:01,198     INFO            dur: loaded /home/meelis/merlin/egs/build_your_own_voice/s1/experiments/eva_laused/test_synthesis/prompt-lab/temp00.lab,   6 labels
2025-05-13 12:03:01,198     INFO            dur: loaded /home/meelis/merlin/egs/build_your_own_voice/s1/experiments/eva_laused/test_synthesis/prompt-lab/temp01.lab,   7 labels
2025-05-13 12:03:01,198     INFO            dur: loaded /home/meelis/merlin/egs/build_your_own_voice/s1/experiments/eva_laused/test_synthesis/prompt-lab/temp02.lab,   7 labels
2025-05-13 12:03:01,199     INFO            dur: loaded /home/meelis/merlin/egs/build_your_own_voice/s1/experiments/eva_laused/test_synthesis/prompt-lab/temp03.lab,   7 labels
2025-05-13 12:03:01,199     INFO            dur: loaded /home/meelis/merlin/egs/build_your_own_voice/s1/experiments/eva_laused/test_synthesis/prompt-lab/temp04.lab,   6 labels
2025-05-13 12:03:01,199     INFO            dur: loaded /home/meelis/merlin/egs/build_your_own_voice/s1/experiments/eva_laused/test_synthesis/prompt-lab/temp05.lab,   6 labels
2025-05-13 12:03:01,200     INFO            dur: loaded /home/meelis/merlin/egs/build_your_own_voice/s1/experiments/eva_laused/test_synthesis/prompt-lab/temp06.lab,   7 labels
2025-05-13 12:03:01,200     INFO            dur: loaded /home/meelis/merlin/egs/build_your_own_voice/s1/experiments/eva_laused/test_synthesis/prompt-lab/temp07.lab,   6 labels
2025-05-13 12:03:01,200     INFO            dur: loaded /home/meelis/merlin/egs/build_your_own_voice/s1/experiments/eva_laused/test_synthesis/prompt-lab/temp08.lab,   6 labels
2025-05-13 12:03:01,200     INFO            dur: loaded /home/meelis/merlin/egs/build_your_own_voice/s1/experiments/eva_laused/test_synthesis/prompt-lab/temp09.lab,   6 labels
2025-05-13 12:03:01,201     INFO            dur: loaded /home/meelis/merlin/egs/build_your_own_voice/s1/experiments/eva_laused/test_synthesis/prompt-lab/temp10.lab,   6 labels
